// Vitest Snapshot v1, https://vitest.dev/guide/snapshot.html

exports[`summarizeStringTo > summarizes a string of length 1 to 200 characters 1`] = `"a"`;

exports[`summarizeStringTo > summarizes a string of length 1 to 250 characters 1`] = `"a"`;

exports[`summarizeStringTo > summarizes a string of length 10 to 200 characters 1`] = `"abcdefg123"`;

exports[`summarizeStringTo > summarizes a string of length 10 to 250 characters 1`] = `"abcdefg123"`;

exports[`summarizeStringTo > summarizes a string of length 100 to 200 characters 1`] = `"abcdefg1234567qn80hcfnq203urvqv27yr3bhfq8327ryvfqcru809q23utgn9aw8ugjaw3hg8465469846541a69g48w3ewh3g"`;

exports[`summarizeStringTo > summarizes a string of length 100 to 250 characters 1`] = `"abcdefg1234567qn80hcfnq203urvqv27yr3bhfq8327ryvfqcru809q23utgn9aw8ugjaw3hg8465469846541a69g48w3ewh3g"`;

exports[`summarizeStringTo > summarizes a string of length 199 to 200 characters 1`] = `"abcdefg1234567qn80hcfnq203urvqv27yr3bhfq8327ryvfqcru809q23utgn9aw8ugjaw3hg8465469846541a69g48w3ewh3gw3hgw3gh9jawh30jgUOYNNUHBGYVTYFBHUNJWDIQJPMOIWFEHWEGWNEGINOJPIEGWFHEWE*GUH*WG#UFEIJNWIOEGJN(#U*G(W#"`;

exports[`summarizeStringTo > summarizes a string of length 199 to 250 characters 1`] = `"abcdefg1234567qn80hcfnq203urvqv27yr3bhfq8327ryvfqcru809q23utgn9aw8ugjaw3hg8465469846541a69g48w3ewh3gw3hgw3gh9jawh30jgUOYNNUHBGYVTYFBHUNJWDIQJPMOIWFEHWEGWNEGINOJPIEGWFHEWE*GUH*WG#UFEIJNWIOEGJN(#U*G(W#"`;

exports[`summarizeStringTo > summarizes a string of length 200 to 200 characters 1`] = `"abcdefg1234567qn80hcfnq203urvqv27yr3bhfq8327ryvfqcru809q23utgn9aw8ugjaw3hg8465469846541a69g48w3ewh3gw3hgw3gh9jawh30jgUOYNNUHBGYVTYFBHUNJWDIQJPMOIWFEHWEGWNEGINOJPIEGWFHEWE*GUH*WG#UFEIJNWIOEGJN(#U*G(W#$"`;

exports[`summarizeStringTo > summarizes a string of length 200 to 250 characters 1`] = `"abcdefg1234567qn80hcfnq203urvqv27yr3bhfq8327ryvfqcru809q23utgn9aw8ugjaw3hg8465469846541a69g48w3ewh3gw3hgw3gh9jawh30jgUOYNNUHBGYVTYFBHUNJWDIQJPMOIWFEHWEGWNEGINOJPIEGWFHEWE*GUH*WG#UFEIJNWIOEGJN(#U*G(W#$"`;

exports[`summarizeStringTo > summarizes a string of length 201 to 200 characters 1`] = `"[Summarized string of length 201]: abcdefg1234567qn80hcfnq203urvqv27yr3bhfq8327ryvfqc [...] GWNEGINOJPIEGWFHEWE*GUH*WG#UFEIJNWIOEGJN(#U*G(W#$&"`;

exports[`summarizeStringTo > summarizes a string of length 201 to 250 characters 1`] = `"abcdefg1234567qn80hcfnq203urvqv27yr3bhfq8327ryvfqcru809q23utgn9aw8ugjaw3hg8465469846541a69g48w3ewh3gw3hgw3gh9jawh30jgUOYNNUHBGYVTYFBHUNJWDIQJPMOIWFEHWEGWNEGINOJPIEGWFHEWE*GUH*WG#UFEIJNWIOEGJN(#U*G(W#$&"`;

exports[`summarizeStringTo > summarizes a string of length 202 to 200 characters 1`] = `"[Summarized string of length 202]: abcdefg1234567qn80hcfnq203urvqv27yr3bhfq8327ryvfqc [...] WNEGINOJPIEGWFHEWE*GUH*WG#UFEIJNWIOEGJN(#U*G(W#$&^"`;

exports[`summarizeStringTo > summarizes a string of length 202 to 250 characters 1`] = `"abcdefg1234567qn80hcfnq203urvqv27yr3bhfq8327ryvfqcru809q23utgn9aw8ugjaw3hg8465469846541a69g48w3ewh3gw3hgw3gh9jawh30jgUOYNNUHBGYVTYFBHUNJWDIQJPMOIWFEHWEGWNEGINOJPIEGWFHEWE*GUH*WG#UFEIJNWIOEGJN(#U*G(W#$&^"`;

exports[`summarizeStringTo > summarizes a string of length 203 to 200 characters 1`] = `"[Summarized string of length 203]: abcdefg1234567qn80hcfnq203urvqv27yr3bhfq8327ryvfqc [...] NEGINOJPIEGWFHEWE*GUH*WG#UFEIJNWIOEGJN(#U*G(W#$&^T"`;

exports[`summarizeStringTo > summarizes a string of length 203 to 250 characters 1`] = `"abcdefg1234567qn80hcfnq203urvqv27yr3bhfq8327ryvfqcru809q23utgn9aw8ugjaw3hg8465469846541a69g48w3ewh3gw3hgw3gh9jawh30jgUOYNNUHBGYVTYFBHUNJWDIQJPMOIWFEHWEGWNEGINOJPIEGWFHEWE*GUH*WG#UFEIJNWIOEGJN(#U*G(W#$&^T"`;

exports[`summarizeStringTo > summarizes a string of length 204 to 200 characters 1`] = `"[Summarized string of length 204]: abcdefg1234567qn80hcfnq203urvqv27yr3bhfq8327ryvfqc [...] EGINOJPIEGWFHEWE*GUH*WG#UFEIJNWIOEGJN(#U*G(W#$&^T&"`;

exports[`summarizeStringTo > summarizes a string of length 204 to 250 characters 1`] = `"abcdefg1234567qn80hcfnq203urvqv27yr3bhfq8327ryvfqcru809q23utgn9aw8ugjaw3hg8465469846541a69g48w3ewh3gw3hgw3gh9jawh30jgUOYNNUHBGYVTYFBHUNJWDIQJPMOIWFEHWEGWNEGINOJPIEGWFHEWE*GUH*WG#UFEIJNWIOEGJN(#U*G(W#$&^T&"`;

exports[`summarizeStringTo > summarizes a string of length 300 to 200 characters 1`] = `"[Summarized string of length 300]: abcdefg1234567qn80hcfnq203urvqv27yr3bhfq8327ryvfqc [...] WEUGHFNWIEGUH(#*GHN(IUWESHGB*#&GHN(@GJOPIEGJ(*G$J@"`;

exports[`summarizeStringTo > summarizes a string of length 300 to 250 characters 1`] = `"[Summarized string of length 300]: abcdefg1234567qn80hcfnq203urvqv27yr3bhfq8327ryvfqcru809q23utgn9aw8ugjaw3hg8 [...] INUWEGIUH#(@G*NHUNWIEGFHIWEUGHFNWIEGUH(#*GHN(IUWESHGB*#&GHN(@GJOPIEGJ(*G$J@"`;

exports[`summarizeStringTo > summarizes a string of length 1000 to 200 characters 1`] = `"[Summarized string of length 1000]: abcdefg1234567qn80hcfnq203urvqv27yr3bhfq8327ryvfqc [...] H(#*GHN(IUWESHGB*#&GHN(@GJOPIEGJ(*G$J@NPWOGJIWEMG)"`;

exports[`summarizeStringTo > summarizes a string of length 1000 to 250 characters 1`] = `"[Summarized string of length 1000]: abcdefg1234567qn80hcfnq203urvqv27yr3bhfq8327ryvfqcru809q23utgn9aw8ugjaw3hg8 [...] G*NHUNWIEGFHIWEUGHFNWIEGUH(#*GHN(IUWESHGB*#&GHN(@GJOPIEGJ(*G$J@NPWOGJIWEMG)"`;

exports[`summarizeStringTo > summarizes a string of length 10000 to 200 characters 1`] = `"[Summarized string of length 10000]: abcdefg1234567qn80hcfnq203urvqv27yr3bhfq8327ryvfqc [...] )W#GIJMWEG)(*#UGJN)J@#JGM)abcdefg1234567qn80hcfnq2"`;

exports[`summarizeStringTo > summarizes a string of length 10000 to 250 characters 1`] = `"[Summarized string of length 10000]: abcdefg1234567qn80hcfnq203urvqv27yr3bhfq8327ryvfqcru809q23utgn9aw8ugjaw3hg8 [...] J(*G$J@NPWOGJIWEMG)(#$GJM)W#GIJMWEG)(*#UGJN)J@#JGM)abcdefg1234567qn80hcfnq2"`;
